main.c:93:6:HAL_TIM_PeriodElapsedCallback	16	static
main.c:100:6:HAL_UART_RxCpltCallback	32	static
main.c:168:5:isWin	32	static
main.c:181:5:isIn	32	static
main.c:187:6:bfs	1720	static
main.c:212:6:setBomb	64	static
main.c:270:6:clearDisplay	32	static
main.c:279:6:startLayout	72	static
main.c:319:6:youLose	48	static
main.c:353:6:youWin	48	static
main.c:388:6:layout	56	static
main.c:434:6:show	128	static
main.c:582:5:mapX	16	static
main.c:585:5:mapY	16	static
main.c:594:5:main	8	static
main.c:646:6:SystemClock_Config	88	static
main.c:690:13:MX_TIM2_Init	32	static
main.c:735:13:MX_USART2_UART_Init	8	static
main.c:766:13:MX_DMA_Init	16	static
main.c:784:13:MX_GPIO_Init	48	static
main.c:820:6:Error_Handler	4	static
