main.c:94:6:HAL_TIM_PeriodElapsedCallback	16	static
main.c:101:6:HAL_UART_RxCpltCallback	32	static
main.c:169:5:isWin	32	static
main.c:182:5:isIn	32	static
main.c:188:6:bfs	1720	static
main.c:213:6:setBomb	64	static
main.c:271:6:clearDisplay	32	static
main.c:280:6:startLayout	72	static
main.c:320:6:youLose	48	static
main.c:354:6:youWin	48	static
main.c:389:6:layout	56	static
main.c:435:6:show	128	static
main.c:583:5:mapX	16	static
main.c:586:5:mapY	16	static
main.c:595:5:main	8	static
main.c:647:6:SystemClock_Config	88	static
main.c:691:13:MX_TIM2_Init	32	static
main.c:736:13:MX_USART2_UART_Init	8	static
main.c:767:13:MX_DMA_Init	16	static
main.c:785:13:MX_GPIO_Init	48	static
main.c:821:6:Error_Handler	4	static
