main.c:87:6:TIM3_IRQHandler	8	static
main.c:92:6:TIM4_IRQHandler	8	static
main.c:98:6:TIM2_IRQHandler	8	static
main.c:103:5:main	8	static
main.c:158:6:SystemClock_Config	104	static
main.c:209:13:MX_I2C1_Init	8	static
main.c:243:13:MX_I2S3_Init	8	static
main.c:277:13:MX_SPI1_Init	8	static
main.c:315:13:MX_TIM2_Init	64	static
main.c:374:13:MX_TIM3_Init	64	static
main.c:433:13:MX_TIM4_Init	64	static
main.c:492:13:MX_USART2_UART_Init	8	static
main.c:525:13:MX_GPIO_Init	56	static
main.c:624:6:Error_Handler	4	static
